lab1.h:13:6:exercise1	8	static
lab1.h:20:6:exercise2	8	static
lab1.h:35:6:exercise3	8	static
lab1.h:73:6:exercise4	16	static
lab1.h:86:6:countDown	24	static
lab1.h:95:6:display7SEG	80	static
lab1.h:153:6:exercise5	32	static
lab1.h:222:6:setNumberOnClock	24	static
lab1.h:270:6:exercise6	16	static
lab1.h:279:6:clearAllClock	48	static
lab1.h:304:6:clearNumberOnClock	24	static
lab1.h:352:6:exercise7	8	static
lab1.h:357:6:exercise8	16	static
lab1.h:368:6:exercise9	16	static
lab1.h:383:6:exercise10	24	static
main.c:66:5:main	8	static
main.c:124:6:SystemClock_Config	72	static
main.c:160:13:MX_GPIO_Init	32	static
main.c:213:6:Error_Handler	4	static,ignoring_inline_asm
